.\.venv-tdd\Scripts\python.exe : [weasyprint] unavailable: cannot load library 
'gobject-2.0-0': error 0x7e.  Additionally, ctypes.util.find_library() did not 
manage to locate a library called 'gobject-2.0-0'
At line:1 char:1
+ .\.venv-tdd\Scripts\python.exe -m tools.build_tdd.build_tdd 2>&1 | Te ...
+ ~~~~~~~~~~~~~~~~~~~~~~~~~~~~~~~~~~~~~~~~~~~~~~~~~~~~~~~~~~~~~~~~
    + CategoryInfo          : NotSpecified: ([weasyprint] un...'gobject-2.0-0' 
   :String) [], RemoteException
    + FullyQualifiedErrorId : NativeCommandError
 
[xhtml2pdf] render failed: 'NotImplementedType' object is not iterable
[browser] launch failed: Command '['C:\\Program Files 
(x86)\\Microsoft\\Edge\\Application\\msedge.exe', '--headless=new', 
'--disable-gpu', '--no-pdf-header-footer', '--user-data-dir=C:\\Users\\jtaylo6\
\AppData\\Local\\Temp\\tdd_browser_3_0wea_d', 
'--print-to-pdf=C:\\Users\\jtaylo6\\IgnitionChatbot\\docs\\TDD_v3.0.pdf', 
'--print-to-pdf-no-header', '--virtual-time-budget=10000', 
'file:///C:/Users/jtaylo6/IgnitionChatbot/docs/TDD_v3.0.html']' timed out 
after 180 seconds
Could not render PDF. WeasyPrint is unavailable (missing GTK runtime on 
Windows) and no Chrome/Edge was found for headless print. Open the HTML in a 
browser and use File > Print > Save as PDF.
wrote C:\Users\jtaylo6\IgnitionChatbot\docs\TDD_v3.0.html

-----

WeasyPrint could not import some external libraries. Please carefully follow the installation steps before reporting an issue:
https://doc.courtbouillon.org/weasyprint/stable/first_steps.html#installation
https://doc.courtbouillon.org/weasyprint/stable/first_steps.html#troubleshooting 

-----

